// Vitest Snapshot v1, https://vitest.dev/guide/snapshot.html

exports[`Zed DB Integration Tests > v28 Schema > should fetch and parse workspaces correctly 1`] = `[]`;
